<?xml version='1.0' encoding='UTF-8'?>
<workbook xml:space="preserve" xmlns="http://schemas.openxmlformats.org/spreadsheetml/2006/main" xmlns:r="http://schemas.openxmlformats.org/officeDocument/2006/relationships"><fileVersion appName="xl" lastEdited="4" lowestEdited="4" rupBuild="4505" /><workbookPr codeName="ThisWorkbook" defaultThemeVersion="124226" /><sheets><sheet name="Sheet" r:id="rId1" sheetId="1" /></sheets><calcPr calcId="124519" calcMode="auto" fullCalcOnLoad="1" /></workbook>